// Jest Snapshot v1, https://goo.gl/fbAQLP

exports[`ListItem has a valid snapshot 1`] = `
<ul>
  <div
    className="table-header"
  >
    <span>
      <button
        className="button-inline"
        onClick={[Function]}
        type="button"
      >
         
        Title
      </button>
    </span>
    <span>
      <button
        className="button-inline"
        onClick={[Function]}
        type="button"
      >
         
        Author
      </button>
    </span>
    <span>
      <button
        className="button-inline"
        onClick={[Function]}
        type="button"
      >
         
        Comments
      </button>
    </span>
    <span>
      <button
        className="button-inline"
        onClick={[Function]}
        type="button"
      >
         
        Points
      </button>
    </span>
    <span>
      Archive
    </span>
  </div>
  <li
    className="list__item"
  >
    <h2>
      <a
        href={undefined}
        target="_blank"
      >
        1
      </a>
    </h2>
    <p>
      1
    </p>
    <p />
    <span>
      2
    </span>
    <button
      className=""
      onClick={[Function]}
      type="button"
    >
      Dimiss
    </button>
  </li>
  <li
    className="list__item"
  >
    <h2>
      <a
        href={undefined}
        target="_blank"
      >
        2
      </a>
    </h2>
    <p>
      2
    </p>
    <p />
    <span>
      2
    </span>
    <button
      className=""
      onClick={[Function]}
      type="button"
    >
      Dimiss
    </button>
  </li>
</ul>
`;
