// Jest Snapshot v1, https://goo.gl/fbAQLP

exports[`App has a valid snapshot 1`] = `
<div>
  <h1>
    My Title
  </h1>
  <form
    onSubmit={[Function]}
  >
    Search
    <input
      onChange={[Function]}
      type="text"
      value="redux"
    />
    <button
      type="submit"
    >
      Search
    </button>
  </form>
  <div
    className="interactions"
  >
    <button
      className=""
      onClick={[Function]}
      type="button"
    >
      More
    </button>
  </div>
</div>
`;
