// Jest Snapshot v1, https://goo.gl/fbAQLP

exports[`Pagination has a valid snapshot 1`] = `
<div>
  Pagination
</div>
`;
