// Jest Snapshot v1, https://goo.gl/fbAQLP

exports[`Loading has a valid snapshot 1`] = `
<div>
  Loading ...
</div>
`;
